Archive member included to satisfy reference by file (symbol)

/usr/lib/gcc/riscv64-elf/14.1.0/rv32im/ilp32/libgcc.a(_udivdi3.o)
                              libc/time.o (__udivdi3)
/usr/lib/gcc/riscv64-elf/14.1.0/rv32im/ilp32/libgcc.a(_umoddi3.o)
                              libc/time.o (__umoddi3)
/usr/lib/gcc/riscv64-elf/14.1.0/rv32im/ilp32/libgcc.a(adddf3.o)
                              libc/stdlib.o (__adddf3)
/usr/lib/gcc/riscv64-elf/14.1.0/rv32im/ilp32/libgcc.a(divdf3.o)
                              libc/stdlib.o (__divdf3)
/usr/lib/gcc/riscv64-elf/14.1.0/rv32im/ilp32/libgcc.a(eqdf2.o)
                              libc/math.o (__eqdf2)
/usr/lib/gcc/riscv64-elf/14.1.0/rv32im/ilp32/libgcc.a(ledf2.o)
                              libc/math.o (__ltdf2)
/usr/lib/gcc/riscv64-elf/14.1.0/rv32im/ilp32/libgcc.a(muldf3.o)
                              libc/stdlib.o (__muldf3)
/usr/lib/gcc/riscv64-elf/14.1.0/rv32im/ilp32/libgcc.a(fixdfsi.o)
                              libc/math.o (__fixdfsi)
/usr/lib/gcc/riscv64-elf/14.1.0/rv32im/ilp32/libgcc.a(floatsidf.o)
                              libc/stdlib.o (__floatsidf)
/usr/lib/gcc/riscv64-elf/14.1.0/rv32im/ilp32/libgcc.a(addsf3.o)
                              libc/math.o (__addsf3)
/usr/lib/gcc/riscv64-elf/14.1.0/rv32im/ilp32/libgcc.a(divsf3.o)
                              libc/math.o (__divsf3)
/usr/lib/gcc/riscv64-elf/14.1.0/rv32im/ilp32/libgcc.a(eqsf2.o)
                              libc/math.o (__eqsf2)
/usr/lib/gcc/riscv64-elf/14.1.0/rv32im/ilp32/libgcc.a(gesf2.o)
                              libc/math.o (__gesf2)
/usr/lib/gcc/riscv64-elf/14.1.0/rv32im/ilp32/libgcc.a(lesf2.o)
                              libc/math.o (__lesf2)
/usr/lib/gcc/riscv64-elf/14.1.0/rv32im/ilp32/libgcc.a(mulsf3.o)
                              memtest.o (__mulsf3)
/usr/lib/gcc/riscv64-elf/14.1.0/rv32im/ilp32/libgcc.a(subsf3.o)
                              libc/math.o (__subsf3)
/usr/lib/gcc/riscv64-elf/14.1.0/rv32im/ilp32/libgcc.a(fixsfsi.o)
                              libc/math.o (__fixsfsi)
/usr/lib/gcc/riscv64-elf/14.1.0/rv32im/ilp32/libgcc.a(floatsisf.o)
                              libc/math.o (__floatsisf)
/usr/lib/gcc/riscv64-elf/14.1.0/rv32im/ilp32/libgcc.a(floatunsisf.o)
                              memtest.o (__floatunsisf)
/usr/lib/gcc/riscv64-elf/14.1.0/rv32im/ilp32/libgcc.a(extendsfdf2.o)
                              memtest.o (__extendsfdf2)
/usr/lib/gcc/riscv64-elf/14.1.0/rv32im/ilp32/libgcc.a(truncdfsf2.o)
                              libc/math.o (__truncdfsf2)
/usr/lib/gcc/riscv64-elf/14.1.0/rv32im/ilp32/libgcc.a(_clz.o)
                              /usr/lib/gcc/riscv64-elf/14.1.0/rv32im/ilp32/libgcc.a(_udivdi3.o) (__clz_tab)
/usr/lib/gcc/riscv64-elf/14.1.0/rv32im/ilp32/libgcc.a(_clzsi2.o)
                              /usr/lib/gcc/riscv64-elf/14.1.0/rv32im/ilp32/libgcc.a(adddf3.o) (__clzsi2)

Discarded input sections

 .text          0x00000000        0x0 main.o
 .data          0x00000000        0x0 main.o
 .bss           0x00000000        0x0 main.o
 .text          0x00000000        0x0 terminal.o
 .data          0x00000000        0x0 terminal.o
 .bss           0x00000000        0x0 terminal.o
 .text.term_clear
                0x00000000       0x28 terminal.o
 .text.term_setpos
                0x00000000       0x6c terminal.o
 .text.term_getpos
                0x00000000        0xc terminal.o
 .text.term_puts
                0x00000000       0x3c terminal.o
 .text.term_println
                0x00000000       0x44 terminal.o
 .text.term_puthex
                0x00000000       0x70 terminal.o
 .rodata.hex.0  0x00000000       0x11 terminal.o
 .text          0x00000000        0x0 dataslot.o
 .data          0x00000000        0x0 dataslot.o
 .bss           0x00000000        0x0 dataslot.o
 .text.dataslot_get_size
                0x00000000       0x10 dataslot.o
 .text.dataslot_read
                0x00000000        0x8 dataslot.o
 .text.dataslot_load
                0x00000000        0x8 dataslot.o
 .text.dataslot_load_to_addr
                0x00000000        0x8 dataslot.o
 .text          0x00000000        0x0 llama_embedded.o
 .data          0x00000000        0x0 llama_embedded.o
 .bss           0x00000000        0x0 llama_embedded.o
 .rodata.llama_main.str1.4
                0x00000000      0x2b0 llama_embedded.o
 .text.llama_main
                0x00000000      0x358 llama_embedded.o
 .comment       0x00000000       0x27 llama_embedded.o
 .note.GNU-stack
                0x00000000        0x0 llama_embedded.o
 .riscv.attributes
                0x00000000       0x2a llama_embedded.o
 .text          0x00000000        0x0 memtest.o
 .data          0x00000000        0x0 memtest.o
 .bss           0x00000000        0x0 memtest.o
 .text          0x00000000        0x0 libc/memory.o
 .data          0x00000000        0x0 libc/memory.o
 .bss           0x00000000        0x0 libc/memory.o
 .text.heap_init
                0x00000000       0x34 libc/memory.o
 .text.malloc   0x00000000       0x98 libc/memory.o
 .text.calloc   0x00000000       0xb8 libc/memory.o
 .text.free     0x00000000       0x9c libc/memory.o
 .text.memcpy   0x00000000       0x7c libc/memory.o
 .text.realloc  0x00000000      0x108 libc/memory.o
 .text.memset   0x00000000       0x80 libc/memory.o
 .text.memmove  0x00000000       0x3c libc/memory.o
 .text.memcmp   0x00000000       0x3c libc/memory.o
 .sbss.heap_end
                0x00000000        0x4 libc/memory.o
 .sbss.heap_start
                0x00000000        0x4 libc/memory.o
 .comment       0x00000000       0x27 libc/memory.o
 .note.GNU-stack
                0x00000000        0x0 libc/memory.o
 .riscv.attributes
                0x00000000       0x2a libc/memory.o
 .text          0x00000000        0x0 libc/string.o
 .data          0x00000000        0x0 libc/string.o
 .bss           0x00000000        0x0 libc/string.o
 .text.strlen   0x00000000       0x28 libc/string.o
 .text.strcpy   0x00000000       0x1c libc/string.o
 .text.strncpy  0x00000000       0x40 libc/string.o
 .text.strcat   0x00000000       0x4c libc/string.o
 .text.strncat  0x00000000       0x4c libc/string.o
 .text.strcmp   0x00000000       0x44 libc/string.o
 .text.strncmp  0x00000000       0x3c libc/string.o
 .text.strchr   0x00000000       0x2c libc/string.o
 .text.strrchr  0x00000000       0x38 libc/string.o
 .comment       0x00000000       0x27 libc/string.o
 .note.GNU-stack
                0x00000000        0x0 libc/string.o
 .riscv.attributes
                0x00000000       0x2a libc/string.o
 .text          0x00000000        0x0 libc/ctype.o
 .data          0x00000000        0x0 libc/ctype.o
 .bss           0x00000000        0x0 libc/ctype.o
 .text.isprint  0x00000000        0xc libc/ctype.o
 .text.isspace  0x00000000       0x1c libc/ctype.o
 .text.isdigit  0x00000000        0xc libc/ctype.o
 .text.isalpha  0x00000000       0x10 libc/ctype.o
 .text.isalnum  0x00000000       0x24 libc/ctype.o
 .text.isupper  0x00000000        0xc libc/ctype.o
 .text.islower  0x00000000        0xc libc/ctype.o
 .text.tolower  0x00000000       0x18 libc/ctype.o
 .text.toupper  0x00000000       0x18 libc/ctype.o
 .comment       0x00000000       0x27 libc/ctype.o
 .note.GNU-stack
                0x00000000        0x0 libc/ctype.o
 .riscv.attributes
                0x00000000       0x2a libc/ctype.o
 .text          0x00000000        0x0 libc/stdlib.o
 .data          0x00000000        0x0 libc/stdlib.o
 .bss           0x00000000        0x0 libc/stdlib.o
 .text.abs      0x00000000       0x10 libc/stdlib.o
 .text.labs     0x00000000       0x10 libc/stdlib.o
 .text.atol     0x00000000       0xac libc/stdlib.o
 .text.atoi     0x00000000        0x8 libc/stdlib.o
 .text.strtol   0x00000000      0x174 libc/stdlib.o
 .text.strtoul  0x00000000        0x8 libc/stdlib.o
 .text.atof     0x00000000      0x3f0 libc/stdlib.o
 .text.exit     0x00000000        0x4 libc/stdlib.o
 .text.abort    0x00000000        0x4 libc/stdlib.o
 .srodata.cst8  0x00000000       0x10 libc/stdlib.o
 .comment       0x00000000       0x27 libc/stdlib.o
 .note.GNU-stack
                0x00000000        0x0 libc/stdlib.o
 .riscv.attributes
                0x00000000       0x2a libc/stdlib.o
 .text          0x00000000        0x0 libc/qsort.o
 .data          0x00000000        0x0 libc/qsort.o
 .bss           0x00000000        0x0 libc/qsort.o
 .text.qsort    0x00000000      0x370 libc/qsort.o
 .text.bsearch  0x00000000       0xe4 libc/qsort.o
 .comment       0x00000000       0x27 libc/qsort.o
 .note.GNU-stack
                0x00000000        0x0 libc/qsort.o
 .riscv.attributes
                0x00000000       0x2a libc/qsort.o
 .text          0x00000000        0x0 libc/time.o
 .data          0x00000000        0x0 libc/time.o
 .bss           0x00000000        0x0 libc/time.o
 .text.time     0x00000000       0x58 libc/time.o
 .text.clock_gettime
                0x00000000       0xb8 libc/time.o
 .comment       0x00000000       0x27 libc/time.o
 .note.GNU-stack
                0x00000000        0x0 libc/time.o
 .riscv.attributes
                0x00000000       0x2a libc/time.o
 .text          0x00000000        0x0 libc/math.o
 .data          0x00000000        0x0 libc/math.o
 .bss           0x00000000        0x0 libc/math.o
 .text.expf.part.0
                0x00000000      0x284 libc/math.o
 .text.logf.part.0
                0x00000000      0x224 libc/math.o
 .text.fabsf    0x00000000        0xc libc/math.o
 .text.fabs     0x00000000        0xc libc/math.o
 .text.sqrtf    0x00000000      0x184 libc/math.o
 .text.sqrt     0x00000000      0x19c libc/math.o
 .text.expf     0x00000000       0xb8 libc/math.o
 .text.exp      0x00000000      0x100 libc/math.o
 .text.logf     0x00000000       0xbc libc/math.o
 .text.log      0x00000000      0x10c libc/math.o
 .text.powf     0x00000000      0x30c libc/math.o
 .text.pow      0x00000000      0x330 libc/math.o
 .text.cosf     0x00000000      0x244 libc/math.o
 .text.sinf     0x00000000      0x27c libc/math.o
 .text.tanf     0x00000000       0xcc libc/math.o
 .text.sin      0x00000000       0x2c libc/math.o
 .text.cos      0x00000000       0x2c libc/math.o
 .text.tan      0x00000000       0xec libc/math.o
 .text.floorf   0x00000000       0xa0 libc/math.o
 .text.ceilf    0x00000000       0x84 libc/math.o
 .text.floor    0x00000000       0x98 libc/math.o
 .text.ceil     0x00000000       0x94 libc/math.o
 .text.roundf   0x00000000       0x80 libc/math.o
 .text.round    0x00000000       0x74 libc/math.o
 .srodata.cst8  0x00000000       0x20 libc/math.o
 .srodata.cst4  0x00000000       0x74 libc/math.o
 .comment       0x00000000       0x27 libc/math.o
 .note.GNU-stack
                0x00000000        0x0 libc/math.o
 .riscv.attributes
                0x00000000       0x2a libc/math.o
 .text          0x00000000        0x0 libc/file.o
 .data          0x00000000        0x0 libc/file.o
 .bss           0x00000000        0x0 libc/file.o
 .rodata.filename_to_slot.str1.4
                0x00000000       0x1a libc/file.o
 .text.filename_to_slot
                0x00000000       0xf8 libc/file.o
 .text.fopen    0x00000000      0x16c libc/file.o
 .text.fclose   0x00000000       0x78 libc/file.o
 .text.fread    0x00000000       0xe4 libc/file.o
 .text.fwrite   0x00000000        0x8 libc/file.o
 .text.fseek    0x00000000       0x4c libc/file.o
 .text.ftell    0x00000000       0x14 libc/file.o
 .text.rewind   0x00000000        0xc libc/file.o
 .text.fflush   0x00000000        0x8 libc/file.o
 .text.feof     0x00000000       0x20 libc/file.o
 .text.ferror   0x00000000        0x8 libc/file.o
 .text.fprintf  0x00000000       0x44 libc/file.o
 .rodata.sprintf.str1.4
                0x00000000        0x7 libc/file.o
 .text.sprintf  0x00000000      0x234 libc/file.o
 .rodata.sprintf
                0x00000000       0x4c libc/file.o
 .text.snprintf
                0x00000000       0x3c libc/file.o
 .text.sscanf   0x00000000      0x480 libc/file.o
 .rodata.sscanf
                0x00000000       0x84 libc/file.o
 .text.open     0x00000000       0xa8 libc/file.o
 .text.close    0x00000000       0x38 libc/file.o
 .text.read     0x00000000       0xf4 libc/file.o
 .text.lseek    0x00000000       0x8c libc/file.o
 .text.mmap     0x00000000       0xcc libc/file.o
 .text.munmap   0x00000000       0x34 libc/file.o
 .bss.fd_used   0x00000000       0x40 libc/file.o
 .bss.fd_size   0x00000000       0x40 libc/file.o
 .bss.fd_offset
                0x00000000       0x40 libc/file.o
 .bss.file_table_used
                0x00000000       0x10 libc/file.o
 .bss.file_table
                0x00000000       0x50 libc/file.o
 .sdata.stderr  0x00000000        0x4 libc/file.o
 .sdata.stdout  0x00000000        0x4 libc/file.o
 .sdata.stdin   0x00000000        0x4 libc/file.o
 .bss.stderr_file
                0x00000000       0x14 libc/file.o
 .bss.stdout_file
                0x00000000       0x14 libc/file.o
 .bss.stdin_file
                0x00000000       0x14 libc/file.o
 .srodata.cst4  0x00000000        0x8 libc/file.o
 .comment       0x00000000       0x27 libc/file.o
 .note.GNU-stack
                0x00000000        0x0 libc/file.o
 .riscv.attributes
                0x00000000       0x2a libc/file.o
 .text          0x00000000        0x0 start.o
 .data          0x00000000        0x0 start.o
 .bss           0x00000000        0x0 start.o
 .text          0x00000000        0x0 /usr/lib/gcc/riscv64-elf/14.1.0/rv32im/ilp32/libgcc.a(_udivdi3.o)
 .data          0x00000000        0x0 /usr/lib/gcc/riscv64-elf/14.1.0/rv32im/ilp32/libgcc.a(_udivdi3.o)
 .bss           0x00000000        0x0 /usr/lib/gcc/riscv64-elf/14.1.0/rv32im/ilp32/libgcc.a(_udivdi3.o)
 .text.__udivdi3
                0x00000000      0x42c /usr/lib/gcc/riscv64-elf/14.1.0/rv32im/ilp32/libgcc.a(_udivdi3.o)
 .debug_info    0x00000000      0x776 /usr/lib/gcc/riscv64-elf/14.1.0/rv32im/ilp32/libgcc.a(_udivdi3.o)
 .debug_abbrev  0x00000000      0x1a6 /usr/lib/gcc/riscv64-elf/14.1.0/rv32im/ilp32/libgcc.a(_udivdi3.o)
 .debug_loclists
                0x00000000      0x9e6 /usr/lib/gcc/riscv64-elf/14.1.0/rv32im/ilp32/libgcc.a(_udivdi3.o)
 .debug_aranges
                0x00000000       0x20 /usr/lib/gcc/riscv64-elf/14.1.0/rv32im/ilp32/libgcc.a(_udivdi3.o)
 .debug_rnglists
                0x00000000      0x109 /usr/lib/gcc/riscv64-elf/14.1.0/rv32im/ilp32/libgcc.a(_udivdi3.o)
 .debug_line    0x00000000      0x97b /usr/lib/gcc/riscv64-elf/14.1.0/rv32im/ilp32/libgcc.a(_udivdi3.o)
 .debug_str     0x00000000      0x269 /usr/lib/gcc/riscv64-elf/14.1.0/rv32im/ilp32/libgcc.a(_udivdi3.o)
 .debug_line_str
                0x00000000      0x10c /usr/lib/gcc/riscv64-elf/14.1.0/rv32im/ilp32/libgcc.a(_udivdi3.o)
 .comment       0x00000000       0x27 /usr/lib/gcc/riscv64-elf/14.1.0/rv32im/ilp32/libgcc.a(_udivdi3.o)
 .note.GNU-stack
                0x00000000        0x0 /usr/lib/gcc/riscv64-elf/14.1.0/rv32im/ilp32/libgcc.a(_udivdi3.o)
 .eh_frame      0x00000000       0x28 /usr/lib/gcc/riscv64-elf/14.1.0/rv32im/ilp32/libgcc.a(_udivdi3.o)
 .riscv.attributes
                0x00000000       0x21 /usr/lib/gcc/riscv64-elf/14.1.0/rv32im/ilp32/libgcc.a(_udivdi3.o)
 .text          0x00000000        0x0 /usr/lib/gcc/riscv64-elf/14.1.0/rv32im/ilp32/libgcc.a(_umoddi3.o)
 .data          0x00000000        0x0 /usr/lib/gcc/riscv64-elf/14.1.0/rv32im/ilp32/libgcc.a(_umoddi3.o)
 .bss           0x00000000        0x0 /usr/lib/gcc/riscv64-elf/14.1.0/rv32im/ilp32/libgcc.a(_umoddi3.o)
 .text.__umoddi3
                0x00000000      0x3e0 /usr/lib/gcc/riscv64-elf/14.1.0/rv32im/ilp32/libgcc.a(_umoddi3.o)
 .debug_info    0x00000000      0x7c3 /usr/lib/gcc/riscv64-elf/14.1.0/rv32im/ilp32/libgcc.a(_umoddi3.o)
 .debug_abbrev  0x00000000      0x1aa /usr/lib/gcc/riscv64-elf/14.1.0/rv32im/ilp32/libgcc.a(_umoddi3.o)
 .debug_loclists
                0x00000000      0x78b /usr/lib/gcc/riscv64-elf/14.1.0/rv32im/ilp32/libgcc.a(_umoddi3.o)
 .debug_aranges
                0x00000000       0x20 /usr/lib/gcc/riscv64-elf/14.1.0/rv32im/ilp32/libgcc.a(_umoddi3.o)
 .debug_rnglists
                0x00000000       0x9a /usr/lib/gcc/riscv64-elf/14.1.0/rv32im/ilp32/libgcc.a(_umoddi3.o)
 .debug_line    0x00000000      0x98d /usr/lib/gcc/riscv64-elf/14.1.0/rv32im/ilp32/libgcc.a(_umoddi3.o)
 .debug_str     0x00000000      0x269 /usr/lib/gcc/riscv64-elf/14.1.0/rv32im/ilp32/libgcc.a(_umoddi3.o)
 .debug_line_str
                0x00000000      0x10c /usr/lib/gcc/riscv64-elf/14.1.0/rv32im/ilp32/libgcc.a(_umoddi3.o)
 .comment       0x00000000       0x27 /usr/lib/gcc/riscv64-elf/14.1.0/rv32im/ilp32/libgcc.a(_umoddi3.o)
 .note.GNU-stack
                0x00000000        0x0 /usr/lib/gcc/riscv64-elf/14.1.0/rv32im/ilp32/libgcc.a(_umoddi3.o)
 .eh_frame      0x00000000       0x28 /usr/lib/gcc/riscv64-elf/14.1.0/rv32im/ilp32/libgcc.a(_umoddi3.o)
 .riscv.attributes
                0x00000000       0x21 /usr/lib/gcc/riscv64-elf/14.1.0/rv32im/ilp32/libgcc.a(_umoddi3.o)
 .text          0x00000000        0x0 /usr/lib/gcc/riscv64-elf/14.1.0/rv32im/ilp32/libgcc.a(adddf3.o)
 .data          0x00000000        0x0 /usr/lib/gcc/riscv64-elf/14.1.0/rv32im/ilp32/libgcc.a(adddf3.o)
 .bss           0x00000000        0x0 /usr/lib/gcc/riscv64-elf/14.1.0/rv32im/ilp32/libgcc.a(adddf3.o)
 .text.__adddf3
                0x00000000      0x788 /usr/lib/gcc/riscv64-elf/14.1.0/rv32im/ilp32/libgcc.a(adddf3.o)
 .debug_info    0x00000000      0x4f6 /usr/lib/gcc/riscv64-elf/14.1.0/rv32im/ilp32/libgcc.a(adddf3.o)
 .debug_abbrev  0x00000000      0x186 /usr/lib/gcc/riscv64-elf/14.1.0/rv32im/ilp32/libgcc.a(adddf3.o)
 .debug_loclists
                0x00000000      0xfd0 /usr/lib/gcc/riscv64-elf/14.1.0/rv32im/ilp32/libgcc.a(adddf3.o)
 .debug_aranges
                0x00000000       0x20 /usr/lib/gcc/riscv64-elf/14.1.0/rv32im/ilp32/libgcc.a(adddf3.o)
 .debug_rnglists
                0x00000000      0x1d1 /usr/lib/gcc/riscv64-elf/14.1.0/rv32im/ilp32/libgcc.a(adddf3.o)
 .debug_line    0x00000000     0x1377 /usr/lib/gcc/riscv64-elf/14.1.0/rv32im/ilp32/libgcc.a(adddf3.o)
 .debug_str     0x00000000      0x2a3 /usr/lib/gcc/riscv64-elf/14.1.0/rv32im/ilp32/libgcc.a(adddf3.o)
 .debug_line_str
                0x00000000      0x118 /usr/lib/gcc/riscv64-elf/14.1.0/rv32im/ilp32/libgcc.a(adddf3.o)
 .comment       0x00000000       0x27 /usr/lib/gcc/riscv64-elf/14.1.0/rv32im/ilp32/libgcc.a(adddf3.o)
 .note.GNU-stack
                0x00000000        0x0 /usr/lib/gcc/riscv64-elf/14.1.0/rv32im/ilp32/libgcc.a(adddf3.o)
 .debug_frame   0x00000000       0x4c /usr/lib/gcc/riscv64-elf/14.1.0/rv32im/ilp32/libgcc.a(adddf3.o)
 .riscv.attributes
                0x00000000       0x21 /usr/lib/gcc/riscv64-elf/14.1.0/rv32im/ilp32/libgcc.a(adddf3.o)
 .text          0x00000000        0x0 /usr/lib/gcc/riscv64-elf/14.1.0/rv32im/ilp32/libgcc.a(divdf3.o)
 .data          0x00000000        0x0 /usr/lib/gcc/riscv64-elf/14.1.0/rv32im/ilp32/libgcc.a(divdf3.o)
 .bss           0x00000000        0x0 /usr/lib/gcc/riscv64-elf/14.1.0/rv32im/ilp32/libgcc.a(divdf3.o)
 .text.__divdf3
                0x00000000      0x6cc /usr/lib/gcc/riscv64-elf/14.1.0/rv32im/ilp32/libgcc.a(divdf3.o)
 .rodata.__divdf3
                0x00000000       0x3c /usr/lib/gcc/riscv64-elf/14.1.0/rv32im/ilp32/libgcc.a(divdf3.o)
 .debug_info    0x00000000      0x683 /usr/lib/gcc/riscv64-elf/14.1.0/rv32im/ilp32/libgcc.a(divdf3.o)
 .debug_abbrev  0x00000000      0x17c /usr/lib/gcc/riscv64-elf/14.1.0/rv32im/ilp32/libgcc.a(divdf3.o)
 .debug_loclists
                0x00000000      0xe75 /usr/lib/gcc/riscv64-elf/14.1.0/rv32im/ilp32/libgcc.a(divdf3.o)
 .debug_aranges
                0x00000000       0x20 /usr/lib/gcc/riscv64-elf/14.1.0/rv32im/ilp32/libgcc.a(divdf3.o)
 .debug_rnglists
                0x00000000      0x181 /usr/lib/gcc/riscv64-elf/14.1.0/rv32im/ilp32/libgcc.a(divdf3.o)
 .debug_line    0x00000000     0x110e /usr/lib/gcc/riscv64-elf/14.1.0/rv32im/ilp32/libgcc.a(divdf3.o)
 .debug_str     0x00000000      0x365 /usr/lib/gcc/riscv64-elf/14.1.0/rv32im/ilp32/libgcc.a(divdf3.o)
 .debug_line_str
                0x00000000      0x122 /usr/lib/gcc/riscv64-elf/14.1.0/rv32im/ilp32/libgcc.a(divdf3.o)
 .comment       0x00000000       0x27 /usr/lib/gcc/riscv64-elf/14.1.0/rv32im/ilp32/libgcc.a(divdf3.o)
 .note.GNU-stack
                0x00000000        0x0 /usr/lib/gcc/riscv64-elf/14.1.0/rv32im/ilp32/libgcc.a(divdf3.o)
 .debug_frame   0x00000000       0x5c /usr/lib/gcc/riscv64-elf/14.1.0/rv32im/ilp32/libgcc.a(divdf3.o)
 .riscv.attributes
                0x00000000       0x21 /usr/lib/gcc/riscv64-elf/14.1.0/rv32im/ilp32/libgcc.a(divdf3.o)
 .text          0x00000000        0x0 /usr/lib/gcc/riscv64-elf/14.1.0/rv32im/ilp32/libgcc.a(eqdf2.o)
 .data          0x00000000        0x0 /usr/lib/gcc/riscv64-elf/14.1.0/rv32im/ilp32/libgcc.a(eqdf2.o)
 .bss           0x00000000        0x0 /usr/lib/gcc/riscv64-elf/14.1.0/rv32im/ilp32/libgcc.a(eqdf2.o)
 .text.__eqdf2  0x00000000       0x8c /usr/lib/gcc/riscv64-elf/14.1.0/rv32im/ilp32/libgcc.a(eqdf2.o)
 .debug_info    0x00000000      0x221 /usr/lib/gcc/riscv64-elf/14.1.0/rv32im/ilp32/libgcc.a(eqdf2.o)
 .debug_abbrev  0x00000000      0x153 /usr/lib/gcc/riscv64-elf/14.1.0/rv32im/ilp32/libgcc.a(eqdf2.o)
 .debug_loclists
                0x00000000       0xb2 /usr/lib/gcc/riscv64-elf/14.1.0/rv32im/ilp32/libgcc.a(eqdf2.o)
 .debug_aranges
                0x00000000       0x20 /usr/lib/gcc/riscv64-elf/14.1.0/rv32im/ilp32/libgcc.a(eqdf2.o)
 .debug_rnglists
                0x00000000       0x57 /usr/lib/gcc/riscv64-elf/14.1.0/rv32im/ilp32/libgcc.a(eqdf2.o)
 .debug_line    0x00000000      0x277 /usr/lib/gcc/riscv64-elf/14.1.0/rv32im/ilp32/libgcc.a(eqdf2.o)
 .debug_str     0x00000000      0x1b5 /usr/lib/gcc/riscv64-elf/14.1.0/rv32im/ilp32/libgcc.a(eqdf2.o)
 .debug_line_str
                0x00000000      0x125 /usr/lib/gcc/riscv64-elf/14.1.0/rv32im/ilp32/libgcc.a(eqdf2.o)
 .comment       0x00000000       0x27 /usr/lib/gcc/riscv64-elf/14.1.0/rv32im/ilp32/libgcc.a(eqdf2.o)
 .note.GNU-stack
                0x00000000        0x0 /usr/lib/gcc/riscv64-elf/14.1.0/rv32im/ilp32/libgcc.a(eqdf2.o)
 .debug_frame   0x00000000       0x20 /usr/lib/gcc/riscv64-elf/14.1.0/rv32im/ilp32/libgcc.a(eqdf2.o)
 .riscv.attributes
                0x00000000       0x21 /usr/lib/gcc/riscv64-elf/14.1.0/rv32im/ilp32/libgcc.a(eqdf2.o)
 .text          0x00000000        0x0 /usr/lib/gcc/riscv64-elf/14.1.0/rv32im/ilp32/libgcc.a(ledf2.o)
 .data          0x00000000        0x0 /usr/lib/gcc/riscv64-elf/14.1.0/rv32im/ilp32/libgcc.a(ledf2.o)
 .bss           0x00000000        0x0 /usr/lib/gcc/riscv64-elf/14.1.0/rv32im/ilp32/libgcc.a(ledf2.o)
 .text.__ledf2  0x00000000       0xd0 /usr/lib/gcc/riscv64-elf/14.1.0/rv32im/ilp32/libgcc.a(ledf2.o)
 .debug_info    0x00000000      0x220 /usr/lib/gcc/riscv64-elf/14.1.0/rv32im/ilp32/libgcc.a(ledf2.o)
 .debug_abbrev  0x00000000      0x168 /usr/lib/gcc/riscv64-elf/14.1.0/rv32im/ilp32/libgcc.a(ledf2.o)
 .debug_loclists
                0x00000000      0x1aa /usr/lib/gcc/riscv64-elf/14.1.0/rv32im/ilp32/libgcc.a(ledf2.o)
 .debug_aranges
                0x00000000       0x20 /usr/lib/gcc/riscv64-elf/14.1.0/rv32im/ilp32/libgcc.a(ledf2.o)
 .debug_rnglists
                0x00000000       0x7c /usr/lib/gcc/riscv64-elf/14.1.0/rv32im/ilp32/libgcc.a(ledf2.o)
 .debug_line    0x00000000      0x347 /usr/lib/gcc/riscv64-elf/14.1.0/rv32im/ilp32/libgcc.a(ledf2.o)
 .debug_str     0x00000000      0x1d9 /usr/lib/gcc/riscv64-elf/14.1.0/rv32im/ilp32/libgcc.a(ledf2.o)
 .debug_line_str
                0x00000000      0x125 /usr/lib/gcc/riscv64-elf/14.1.0/rv32im/ilp32/libgcc.a(ledf2.o)
 .comment       0x00000000       0x27 /usr/lib/gcc/riscv64-elf/14.1.0/rv32im/ilp32/libgcc.a(ledf2.o)
 .note.GNU-stack
                0x00000000        0x0 /usr/lib/gcc/riscv64-elf/14.1.0/rv32im/ilp32/libgcc.a(ledf2.o)
 .debug_frame   0x00000000       0x20 /usr/lib/gcc/riscv64-elf/14.1.0/rv32im/ilp32/libgcc.a(ledf2.o)
 .riscv.attributes
                0x00000000       0x21 /usr/lib/gcc/riscv64-elf/14.1.0/rv32im/ilp32/libgcc.a(ledf2.o)
 .text          0x00000000        0x0 /usr/lib/gcc/riscv64-elf/14.1.0/rv32im/ilp32/libgcc.a(muldf3.o)
 .data          0x00000000        0x0 /usr/lib/gcc/riscv64-elf/14.1.0/rv32im/ilp32/libgcc.a(muldf3.o)
 .bss           0x00000000        0x0 /usr/lib/gcc/riscv64-elf/14.1.0/rv32im/ilp32/libgcc.a(muldf3.o)
 .text.__muldf3
                0x00000000      0x604 /usr/lib/gcc/riscv64-elf/14.1.0/rv32im/ilp32/libgcc.a(muldf3.o)
 .debug_info    0x00000000      0x6ac /usr/lib/gcc/riscv64-elf/14.1.0/rv32im/ilp32/libgcc.a(muldf3.o)
 .debug_abbrev  0x00000000      0x185 /usr/lib/gcc/riscv64-elf/14.1.0/rv32im/ilp32/libgcc.a(muldf3.o)
 .debug_loclists
                0x00000000      0xb10 /usr/lib/gcc/riscv64-elf/14.1.0/rv32im/ilp32/libgcc.a(muldf3.o)
 .debug_aranges
                0x00000000       0x20 /usr/lib/gcc/riscv64-elf/14.1.0/rv32im/ilp32/libgcc.a(muldf3.o)
 .debug_rnglists
                0x00000000      0x25c /usr/lib/gcc/riscv64-elf/14.1.0/rv32im/ilp32/libgcc.a(muldf3.o)
 .debug_line    0x00000000      0xf02 /usr/lib/gcc/riscv64-elf/14.1.0/rv32im/ilp32/libgcc.a(muldf3.o)
 .debug_str     0x00000000      0x3bd /usr/lib/gcc/riscv64-elf/14.1.0/rv32im/ilp32/libgcc.a(muldf3.o)
 .debug_line_str
                0x00000000      0x122 /usr/lib/gcc/riscv64-elf/14.1.0/rv32im/ilp32/libgcc.a(muldf3.o)
 .comment       0x00000000       0x27 /usr/lib/gcc/riscv64-elf/14.1.0/rv32im/ilp32/libgcc.a(muldf3.o)
 .note.GNU-stack
                0x00000000        0x0 /usr/lib/gcc/riscv64-elf/14.1.0/rv32im/ilp32/libgcc.a(muldf3.o)
 .debug_frame   0x00000000       0x5c /usr/lib/gcc/riscv64-elf/14.1.0/rv32im/ilp32/libgcc.a(muldf3.o)
 .riscv.attributes
                0x00000000       0x21 /usr/lib/gcc/riscv64-elf/14.1.0/rv32im/ilp32/libgcc.a(muldf3.o)
 .text          0x00000000        0x0 /usr/lib/gcc/riscv64-elf/14.1.0/rv32im/ilp32/libgcc.a(fixdfsi.o)
 .data          0x00000000        0x0 /usr/lib/gcc/riscv64-elf/14.1.0/rv32im/ilp32/libgcc.a(fixdfsi.o)
 .bss           0x00000000        0x0 /usr/lib/gcc/riscv64-elf/14.1.0/rv32im/ilp32/libgcc.a(fixdfsi.o)
 .text.__fixdfsi
                0x00000000       0x80 /usr/lib/gcc/riscv64-elf/14.1.0/rv32im/ilp32/libgcc.a(fixdfsi.o)
 .debug_info    0x00000000      0x1c2 /usr/lib/gcc/riscv64-elf/14.1.0/rv32im/ilp32/libgcc.a(fixdfsi.o)
 .debug_abbrev  0x00000000      0x15f /usr/lib/gcc/riscv64-elf/14.1.0/rv32im/ilp32/libgcc.a(fixdfsi.o)
 .debug_loclists
                0x00000000      0x11c /usr/lib/gcc/riscv64-elf/14.1.0/rv32im/ilp32/libgcc.a(fixdfsi.o)
 .debug_aranges
                0x00000000       0x20 /usr/lib/gcc/riscv64-elf/14.1.0/rv32im/ilp32/libgcc.a(fixdfsi.o)
 .debug_rnglists
                0x00000000       0x29 /usr/lib/gcc/riscv64-elf/14.1.0/rv32im/ilp32/libgcc.a(fixdfsi.o)
 .debug_line    0x00000000      0x1df /usr/lib/gcc/riscv64-elf/14.1.0/rv32im/ilp32/libgcc.a(fixdfsi.o)
 .debug_str     0x00000000      0x1b0 /usr/lib/gcc/riscv64-elf/14.1.0/rv32im/ilp32/libgcc.a(fixdfsi.o)
 .debug_line_str
                0x00000000      0x125 /usr/lib/gcc/riscv64-elf/14.1.0/rv32im/ilp32/libgcc.a(fixdfsi.o)
 .comment       0x00000000       0x27 /usr/lib/gcc/riscv64-elf/14.1.0/rv32im/ilp32/libgcc.a(fixdfsi.o)
 .note.GNU-stack
                0x00000000        0x0 /usr/lib/gcc/riscv64-elf/14.1.0/rv32im/ilp32/libgcc.a(fixdfsi.o)
 .debug_frame   0x00000000       0x20 /usr/lib/gcc/riscv64-elf/14.1.0/rv32im/ilp32/libgcc.a(fixdfsi.o)
 .riscv.attributes
                0x00000000       0x21 /usr/lib/gcc/riscv64-elf/14.1.0/rv32im/ilp32/libgcc.a(fixdfsi.o)
 .text          0x00000000        0x0 /usr/lib/gcc/riscv64-elf/14.1.0/rv32im/ilp32/libgcc.a(floatsidf.o)
 .data          0x00000000        0x0 /usr/lib/gcc/riscv64-elf/14.1.0/rv32im/ilp32/libgcc.a(floatsidf.o)
 .bss           0x00000000        0x0 /usr/lib/gcc/riscv64-elf/14.1.0/rv32im/ilp32/libgcc.a(floatsidf.o)
 .text.__floatsidf
                0x00000000       0xb8 /usr/lib/gcc/riscv64-elf/14.1.0/rv32im/ilp32/libgcc.a(floatsidf.o)
 .debug_info    0x00000000      0x268 /usr/lib/gcc/riscv64-elf/14.1.0/rv32im/ilp32/libgcc.a(floatsidf.o)
 .debug_abbrev  0x00000000      0x164 /usr/lib/gcc/riscv64-elf/14.1.0/rv32im/ilp32/libgcc.a(floatsidf.o)
 .debug_loclists
                0x00000000      0x113 /usr/lib/gcc/riscv64-elf/14.1.0/rv32im/ilp32/libgcc.a(floatsidf.o)
 .debug_aranges
                0x00000000       0x20 /usr/lib/gcc/riscv64-elf/14.1.0/rv32im/ilp32/libgcc.a(floatsidf.o)
 .debug_rnglists
                0x00000000       0x6b /usr/lib/gcc/riscv64-elf/14.1.0/rv32im/ilp32/libgcc.a(floatsidf.o)
 .debug_line    0x00000000      0x225 /usr/lib/gcc/riscv64-elf/14.1.0/rv32im/ilp32/libgcc.a(floatsidf.o)
 .debug_str     0x00000000      0x24d /usr/lib/gcc/riscv64-elf/14.1.0/rv32im/ilp32/libgcc.a(floatsidf.o)
 .debug_line_str
                0x00000000      0x12b /usr/lib/gcc/riscv64-elf/14.1.0/rv32im/ilp32/libgcc.a(floatsidf.o)
 .comment       0x00000000       0x27 /usr/lib/gcc/riscv64-elf/14.1.0/rv32im/ilp32/libgcc.a(floatsidf.o)
 .note.GNU-stack
                0x00000000        0x0 /usr/lib/gcc/riscv64-elf/14.1.0/rv32im/ilp32/libgcc.a(floatsidf.o)
 .debug_frame   0x00000000       0x40 /usr/lib/gcc/riscv64-elf/14.1.0/rv32im/ilp32/libgcc.a(floatsidf.o)
 .riscv.attributes
                0x00000000       0x21 /usr/lib/gcc/riscv64-elf/14.1.0/rv32im/ilp32/libgcc.a(floatsidf.o)
 .text          0x00000000        0x0 /usr/lib/gcc/riscv64-elf/14.1.0/rv32im/ilp32/libgcc.a(addsf3.o)
 .data          0x00000000        0x0 /usr/lib/gcc/riscv64-elf/14.1.0/rv32im/ilp32/libgcc.a(addsf3.o)
 .bss           0x00000000        0x0 /usr/lib/gcc/riscv64-elf/14.1.0/rv32im/ilp32/libgcc.a(addsf3.o)
 .text.__addsf3
                0x00000000      0x434 /usr/lib/gcc/riscv64-elf/14.1.0/rv32im/ilp32/libgcc.a(addsf3.o)
 .debug_info    0x00000000      0x2e8 /usr/lib/gcc/riscv64-elf/14.1.0/rv32im/ilp32/libgcc.a(addsf3.o)
 .debug_abbrev  0x00000000      0x17d /usr/lib/gcc/riscv64-elf/14.1.0/rv32im/ilp32/libgcc.a(addsf3.o)
 .debug_loclists
                0x00000000      0xc42 /usr/lib/gcc/riscv64-elf/14.1.0/rv32im/ilp32/libgcc.a(addsf3.o)
 .debug_aranges
                0x00000000       0x20 /usr/lib/gcc/riscv64-elf/14.1.0/rv32im/ilp32/libgcc.a(addsf3.o)
 .debug_rnglists
                0x00000000      0x19f /usr/lib/gcc/riscv64-elf/14.1.0/rv32im/ilp32/libgcc.a(addsf3.o)
 .debug_line    0x00000000      0xd4c /usr/lib/gcc/riscv64-elf/14.1.0/rv32im/ilp32/libgcc.a(addsf3.o)
 .debug_str     0x00000000      0x266 /usr/lib/gcc/riscv64-elf/14.1.0/rv32im/ilp32/libgcc.a(addsf3.o)
 .debug_line_str
                0x00000000      0x118 /usr/lib/gcc/riscv64-elf/14.1.0/rv32im/ilp32/libgcc.a(addsf3.o)
 .comment       0x00000000       0x27 /usr/lib/gcc/riscv64-elf/14.1.0/rv32im/ilp32/libgcc.a(addsf3.o)
 .note.GNU-stack
                0x00000000        0x0 /usr/lib/gcc/riscv64-elf/14.1.0/rv32im/ilp32/libgcc.a(addsf3.o)
 .debug_frame   0x00000000       0x40 /usr/lib/gcc/riscv64-elf/14.1.0/rv32im/ilp32/libgcc.a(addsf3.o)
 .riscv.attributes
                0x00000000       0x21 /usr/lib/gcc/riscv64-elf/14.1.0/rv32im/ilp32/libgcc.a(addsf3.o)
 .text          0x00000000        0x0 /usr/lib/gcc/riscv64-elf/14.1.0/rv32im/ilp32/libgcc.a(divsf3.o)
 .data          0x00000000        0x0 /usr/lib/gcc/riscv64-elf/14.1.0/rv32im/ilp32/libgcc.a(divsf3.o)
 .bss           0x00000000        0x0 /usr/lib/gcc/riscv64-elf/14.1.0/rv32im/ilp32/libgcc.a(divsf3.o)
 .text.__divsf3
                0x00000000      0x324 /usr/lib/gcc/riscv64-elf/14.1.0/rv32im/ilp32/libgcc.a(divsf3.o)
 .rodata.__divsf3
                0x00000000       0x3c /usr/lib/gcc/riscv64-elf/14.1.0/rv32im/ilp32/libgcc.a(divsf3.o)
 .debug_info    0x00000000      0x360 /usr/lib/gcc/riscv64-elf/14.1.0/rv32im/ilp32/libgcc.a(divsf3.o)
 .debug_abbrev  0x00000000      0x14c /usr/lib/gcc/riscv64-elf/14.1.0/rv32im/ilp32/libgcc.a(divsf3.o)
 .debug_loclists
                0x00000000      0x598 /usr/lib/gcc/riscv64-elf/14.1.0/rv32im/ilp32/libgcc.a(divsf3.o)
 .debug_aranges
                0x00000000       0x20 /usr/lib/gcc/riscv64-elf/14.1.0/rv32im/ilp32/libgcc.a(divsf3.o)
 .debug_rnglists
                0x00000000       0xc8 /usr/lib/gcc/riscv64-elf/14.1.0/rv32im/ilp32/libgcc.a(divsf3.o)
 .debug_line    0x00000000      0x8cd /usr/lib/gcc/riscv64-elf/14.1.0/rv32im/ilp32/libgcc.a(divsf3.o)
 .debug_str     0x00000000      0x2d0 /usr/lib/gcc/riscv64-elf/14.1.0/rv32im/ilp32/libgcc.a(divsf3.o)
 .debug_line_str
                0x00000000      0x118 /usr/lib/gcc/riscv64-elf/14.1.0/rv32im/ilp32/libgcc.a(divsf3.o)
 .comment       0x00000000       0x27 /usr/lib/gcc/riscv64-elf/14.1.0/rv32im/ilp32/libgcc.a(divsf3.o)
 .note.GNU-stack
                0x00000000        0x0 /usr/lib/gcc/riscv64-elf/14.1.0/rv32im/ilp32/libgcc.a(divsf3.o)
 .debug_frame   0x00000000       0x4c /usr/lib/gcc/riscv64-elf/14.1.0/rv32im/ilp32/libgcc.a(divsf3.o)
 .riscv.attributes
                0x00000000       0x21 /usr/lib/gcc/riscv64-elf/14.1.0/rv32im/ilp32/libgcc.a(divsf3.o)
 .text          0x00000000        0x0 /usr/lib/gcc/riscv64-elf/14.1.0/rv32im/ilp32/libgcc.a(eqsf2.o)
 .data          0x00000000        0x0 /usr/lib/gcc/riscv64-elf/14.1.0/rv32im/ilp32/libgcc.a(eqsf2.o)
 .bss           0x00000000        0x0 /usr/lib/gcc/riscv64-elf/14.1.0/rv32im/ilp32/libgcc.a(eqsf2.o)
 .text.__eqsf2  0x00000000       0x68 /usr/lib/gcc/riscv64-elf/14.1.0/rv32im/ilp32/libgcc.a(eqsf2.o)
 .debug_info    0x00000000      0x1fb /usr/lib/gcc/riscv64-elf/14.1.0/rv32im/ilp32/libgcc.a(eqsf2.o)
 .debug_abbrev  0x00000000      0x12d /usr/lib/gcc/riscv64-elf/14.1.0/rv32im/ilp32/libgcc.a(eqsf2.o)
 .debug_loclists
                0x00000000       0x44 /usr/lib/gcc/riscv64-elf/14.1.0/rv32im/ilp32/libgcc.a(eqsf2.o)
 .debug_aranges
                0x00000000       0x20 /usr/lib/gcc/riscv64-elf/14.1.0/rv32im/ilp32/libgcc.a(eqsf2.o)
 .debug_rnglists
                0x00000000       0x45 /usr/lib/gcc/riscv64-elf/14.1.0/rv32im/ilp32/libgcc.a(eqsf2.o)
 .debug_line    0x00000000      0x22f /usr/lib/gcc/riscv64-elf/14.1.0/rv32im/ilp32/libgcc.a(eqsf2.o)
 .debug_str     0x00000000      0x199 /usr/lib/gcc/riscv64-elf/14.1.0/rv32im/ilp32/libgcc.a(eqsf2.o)
 .debug_line_str
                0x00000000      0x125 /usr/lib/gcc/riscv64-elf/14.1.0/rv32im/ilp32/libgcc.a(eqsf2.o)
 .comment       0x00000000       0x27 /usr/lib/gcc/riscv64-elf/14.1.0/rv32im/ilp32/libgcc.a(eqsf2.o)
 .note.GNU-stack
                0x00000000        0x0 /usr/lib/gcc/riscv64-elf/14.1.0/rv32im/ilp32/libgcc.a(eqsf2.o)
 .debug_frame   0x00000000       0x20 /usr/lib/gcc/riscv64-elf/14.1.0/rv32im/ilp32/libgcc.a(eqsf2.o)
 .riscv.attributes
                0x00000000       0x21 /usr/lib/gcc/riscv64-elf/14.1.0/rv32im/ilp32/libgcc.a(eqsf2.o)
 .text          0x00000000        0x0 /usr/lib/gcc/riscv64-elf/14.1.0/rv32im/ilp32/libgcc.a(gesf2.o)
 .data          0x00000000        0x0 /usr/lib/gcc/riscv64-elf/14.1.0/rv32im/ilp32/libgcc.a(gesf2.o)
 .bss           0x00000000        0x0 /usr/lib/gcc/riscv64-elf/14.1.0/rv32im/ilp32/libgcc.a(gesf2.o)
 .text.__gesf2  0x00000000       0xa0 /usr/lib/gcc/riscv64-elf/14.1.0/rv32im/ilp32/libgcc.a(gesf2.o)
 .debug_info    0x00000000      0x1fe /usr/lib/gcc/riscv64-elf/14.1.0/rv32im/ilp32/libgcc.a(gesf2.o)
 .debug_abbrev  0x00000000      0x162 /usr/lib/gcc/riscv64-elf/14.1.0/rv32im/ilp32/libgcc.a(gesf2.o)
 .debug_loclists
                0x00000000      0x103 /usr/lib/gcc/riscv64-elf/14.1.0/rv32im/ilp32/libgcc.a(gesf2.o)
 .debug_aranges
                0x00000000       0x20 /usr/lib/gcc/riscv64-elf/14.1.0/rv32im/ilp32/libgcc.a(gesf2.o)
 .debug_rnglists
                0x00000000       0x3c /usr/lib/gcc/riscv64-elf/14.1.0/rv32im/ilp32/libgcc.a(gesf2.o)
 .debug_line    0x00000000      0x2cb /usr/lib/gcc/riscv64-elf/14.1.0/rv32im/ilp32/libgcc.a(gesf2.o)
 .debug_str     0x00000000      0x1bd /usr/lib/gcc/riscv64-elf/14.1.0/rv32im/ilp32/libgcc.a(gesf2.o)
 .debug_line_str
                0x00000000      0x125 /usr/lib/gcc/riscv64-elf/14.1.0/rv32im/ilp32/libgcc.a(gesf2.o)
 .comment       0x00000000       0x27 /usr/lib/gcc/riscv64-elf/14.1.0/rv32im/ilp32/libgcc.a(gesf2.o)
 .note.GNU-stack
                0x00000000        0x0 /usr/lib/gcc/riscv64-elf/14.1.0/rv32im/ilp32/libgcc.a(gesf2.o)
 .debug_frame   0x00000000       0x20 /usr/lib/gcc/riscv64-elf/14.1.0/rv32im/ilp32/libgcc.a(gesf2.o)
 .riscv.attributes
                0x00000000       0x21 /usr/lib/gcc/riscv64-elf/14.1.0/rv32im/ilp32/libgcc.a(gesf2.o)
 .text          0x00000000        0x0 /usr/lib/gcc/riscv64-elf/14.1.0/rv32im/ilp32/libgcc.a(lesf2.o)
 .data          0x00000000        0x0 /usr/lib/gcc/riscv64-elf/14.1.0/rv32im/ilp32/libgcc.a(lesf2.o)
 .bss           0x00000000        0x0 /usr/lib/gcc/riscv64-elf/14.1.0/rv32im/ilp32/libgcc.a(lesf2.o)
 .text.__lesf2  0x00000000       0xa0 /usr/lib/gcc/riscv64-elf/14.1.0/rv32im/ilp32/libgcc.a(lesf2.o)
 .debug_info    0x00000000      0x1fe /usr/lib/gcc/riscv64-elf/14.1.0/rv32im/ilp32/libgcc.a(lesf2.o)
 .debug_abbrev  0x00000000      0x162 /usr/lib/gcc/riscv64-elf/14.1.0/rv32im/ilp32/libgcc.a(lesf2.o)
 .debug_loclists
                0x00000000      0x103 /usr/lib/gcc/riscv64-elf/14.1.0/rv32im/ilp32/libgcc.a(lesf2.o)
 .debug_aranges
                0x00000000       0x20 /usr/lib/gcc/riscv64-elf/14.1.0/rv32im/ilp32/libgcc.a(lesf2.o)
 .debug_rnglists
                0x00000000       0x3c /usr/lib/gcc/riscv64-elf/14.1.0/rv32im/ilp32/libgcc.a(lesf2.o)
 .debug_line    0x00000000      0x2cb /usr/lib/gcc/riscv64-elf/14.1.0/rv32im/ilp32/libgcc.a(lesf2.o)
 .debug_str     0x00000000      0x1bd /usr/lib/gcc/riscv64-elf/14.1.0/rv32im/ilp32/libgcc.a(lesf2.o)
 .debug_line_str
                0x00000000      0x125 /usr/lib/gcc/riscv64-elf/14.1.0/rv32im/ilp32/libgcc.a(lesf2.o)
 .comment       0x00000000       0x27 /usr/lib/gcc/riscv64-elf/14.1.0/rv32im/ilp32/libgcc.a(lesf2.o)
 .note.GNU-stack
                0x00000000        0x0 /usr/lib/gcc/riscv64-elf/14.1.0/rv32im/ilp32/libgcc.a(lesf2.o)
 .debug_frame   0x00000000       0x20 /usr/lib/gcc/riscv64-elf/14.1.0/rv32im/ilp32/libgcc.a(lesf2.o)
 .riscv.attributes
                0x00000000       0x21 /usr/lib/gcc/riscv64-elf/14.1.0/rv32im/ilp32/libgcc.a(lesf2.o)
 .text          0x00000000        0x0 /usr/lib/gcc/riscv64-elf/14.1.0/rv32im/ilp32/libgcc.a(mulsf3.o)
 .data          0x00000000        0x0 /usr/lib/gcc/riscv64-elf/14.1.0/rv32im/ilp32/libgcc.a(mulsf3.o)
 .bss           0x00000000        0x0 /usr/lib/gcc/riscv64-elf/14.1.0/rv32im/ilp32/libgcc.a(mulsf3.o)
 .text          0x00000000        0x0 /usr/lib/gcc/riscv64-elf/14.1.0/rv32im/ilp32/libgcc.a(subsf3.o)
 .data          0x00000000        0x0 /usr/lib/gcc/riscv64-elf/14.1.0/rv32im/ilp32/libgcc.a(subsf3.o)
 .bss           0x00000000        0x0 /usr/lib/gcc/riscv64-elf/14.1.0/rv32im/ilp32/libgcc.a(subsf3.o)
 .text.__subsf3
                0x00000000      0x444 /usr/lib/gcc/riscv64-elf/14.1.0/rv32im/ilp32/libgcc.a(subsf3.o)
 .debug_info    0x00000000      0x2e8 /usr/lib/gcc/riscv64-elf/14.1.0/rv32im/ilp32/libgcc.a(subsf3.o)
 .debug_abbrev  0x00000000      0x17d /usr/lib/gcc/riscv64-elf/14.1.0/rv32im/ilp32/libgcc.a(subsf3.o)
 .debug_loclists
                0x00000000      0xba0 /usr/lib/gcc/riscv64-elf/14.1.0/rv32im/ilp32/libgcc.a(subsf3.o)
 .debug_aranges
                0x00000000       0x20 /usr/lib/gcc/riscv64-elf/14.1.0/rv32im/ilp32/libgcc.a(subsf3.o)
 .debug_rnglists
                0x00000000      0x196 /usr/lib/gcc/riscv64-elf/14.1.0/rv32im/ilp32/libgcc.a(subsf3.o)
 .debug_line    0x00000000      0xd87 /usr/lib/gcc/riscv64-elf/14.1.0/rv32im/ilp32/libgcc.a(subsf3.o)
 .debug_str     0x00000000      0x266 /usr/lib/gcc/riscv64-elf/14.1.0/rv32im/ilp32/libgcc.a(subsf3.o)
 .debug_line_str
                0x00000000      0x118 /usr/lib/gcc/riscv64-elf/14.1.0/rv32im/ilp32/libgcc.a(subsf3.o)
 .comment       0x00000000       0x27 /usr/lib/gcc/riscv64-elf/14.1.0/rv32im/ilp32/libgcc.a(subsf3.o)
 .note.GNU-stack
                0x00000000        0x0 /usr/lib/gcc/riscv64-elf/14.1.0/rv32im/ilp32/libgcc.a(subsf3.o)
 .debug_frame   0x00000000       0x40 /usr/lib/gcc/riscv64-elf/14.1.0/rv32im/ilp32/libgcc.a(subsf3.o)
 .riscv.attributes
                0x00000000       0x21 /usr/lib/gcc/riscv64-elf/14.1.0/rv32im/ilp32/libgcc.a(subsf3.o)
 .text          0x00000000        0x0 /usr/lib/gcc/riscv64-elf/14.1.0/rv32im/ilp32/libgcc.a(fixsfsi.o)
 .data          0x00000000        0x0 /usr/lib/gcc/riscv64-elf/14.1.0/rv32im/ilp32/libgcc.a(fixsfsi.o)
 .bss           0x00000000        0x0 /usr/lib/gcc/riscv64-elf/14.1.0/rv32im/ilp32/libgcc.a(fixsfsi.o)
 .text.__fixsfsi
                0x00000000       0x70 /usr/lib/gcc/riscv64-elf/14.1.0/rv32im/ilp32/libgcc.a(fixsfsi.o)
 .debug_info    0x00000000      0x1b1 /usr/lib/gcc/riscv64-elf/14.1.0/rv32im/ilp32/libgcc.a(fixsfsi.o)
 .debug_abbrev  0x00000000      0x15d /usr/lib/gcc/riscv64-elf/14.1.0/rv32im/ilp32/libgcc.a(fixsfsi.o)
 .debug_loclists
                0x00000000       0xfb /usr/lib/gcc/riscv64-elf/14.1.0/rv32im/ilp32/libgcc.a(fixsfsi.o)
 .debug_aranges
                0x00000000       0x20 /usr/lib/gcc/riscv64-elf/14.1.0/rv32im/ilp32/libgcc.a(fixsfsi.o)
 .debug_rnglists
                0x00000000       0x29 /usr/lib/gcc/riscv64-elf/14.1.0/rv32im/ilp32/libgcc.a(fixsfsi.o)
 .debug_line    0x00000000      0x211 /usr/lib/gcc/riscv64-elf/14.1.0/rv32im/ilp32/libgcc.a(fixsfsi.o)
 .debug_str     0x00000000      0x19e /usr/lib/gcc/riscv64-elf/14.1.0/rv32im/ilp32/libgcc.a(fixsfsi.o)
 .debug_line_str
                0x00000000      0x125 /usr/lib/gcc/riscv64-elf/14.1.0/rv32im/ilp32/libgcc.a(fixsfsi.o)
 .comment       0x00000000       0x27 /usr/lib/gcc/riscv64-elf/14.1.0/rv32im/ilp32/libgcc.a(fixsfsi.o)
 .note.GNU-stack
                0x00000000        0x0 /usr/lib/gcc/riscv64-elf/14.1.0/rv32im/ilp32/libgcc.a(fixsfsi.o)
 .debug_frame   0x00000000       0x20 /usr/lib/gcc/riscv64-elf/14.1.0/rv32im/ilp32/libgcc.a(fixsfsi.o)
 .riscv.attributes
                0x00000000       0x21 /usr/lib/gcc/riscv64-elf/14.1.0/rv32im/ilp32/libgcc.a(fixsfsi.o)
 .text          0x00000000        0x0 /usr/lib/gcc/riscv64-elf/14.1.0/rv32im/ilp32/libgcc.a(floatsisf.o)
 .data          0x00000000        0x0 /usr/lib/gcc/riscv64-elf/14.1.0/rv32im/ilp32/libgcc.a(floatsisf.o)
 .bss           0x00000000        0x0 /usr/lib/gcc/riscv64-elf/14.1.0/rv32im/ilp32/libgcc.a(floatsisf.o)
 .text.__floatsisf
                0x00000000      0x114 /usr/lib/gcc/riscv64-elf/14.1.0/rv32im/ilp32/libgcc.a(floatsisf.o)
 .debug_info    0x00000000      0x213 /usr/lib/gcc/riscv64-elf/14.1.0/rv32im/ilp32/libgcc.a(floatsisf.o)
 .debug_abbrev  0x00000000      0x16d /usr/lib/gcc/riscv64-elf/14.1.0/rv32im/ilp32/libgcc.a(floatsisf.o)
 .debug_loclists
                0x00000000      0x251 /usr/lib/gcc/riscv64-elf/14.1.0/rv32im/ilp32/libgcc.a(floatsisf.o)
 .debug_aranges
                0x00000000       0x20 /usr/lib/gcc/riscv64-elf/14.1.0/rv32im/ilp32/libgcc.a(floatsisf.o)
 .debug_rnglists
                0x00000000       0x99 /usr/lib/gcc/riscv64-elf/14.1.0/rv32im/ilp32/libgcc.a(floatsisf.o)
 .debug_line    0x00000000      0x37a /usr/lib/gcc/riscv64-elf/14.1.0/rv32im/ilp32/libgcc.a(floatsisf.o)
 .debug_str     0x00000000      0x22e /usr/lib/gcc/riscv64-elf/14.1.0/rv32im/ilp32/libgcc.a(floatsisf.o)
 .debug_line_str
                0x00000000      0x12b /usr/lib/gcc/riscv64-elf/14.1.0/rv32im/ilp32/libgcc.a(floatsisf.o)
 .comment       0x00000000       0x27 /usr/lib/gcc/riscv64-elf/14.1.0/rv32im/ilp32/libgcc.a(floatsisf.o)
 .note.GNU-stack
                0x00000000        0x0 /usr/lib/gcc/riscv64-elf/14.1.0/rv32im/ilp32/libgcc.a(floatsisf.o)
 .debug_frame   0x00000000       0x38 /usr/lib/gcc/riscv64-elf/14.1.0/rv32im/ilp32/libgcc.a(floatsisf.o)
 .riscv.attributes
                0x00000000       0x21 /usr/lib/gcc/riscv64-elf/14.1.0/rv32im/ilp32/libgcc.a(floatsisf.o)
 .text          0x00000000        0x0 /usr/lib/gcc/riscv64-elf/14.1.0/rv32im/ilp32/libgcc.a(floatunsisf.o)
 .data          0x00000000        0x0 /usr/lib/gcc/riscv64-elf/14.1.0/rv32im/ilp32/libgcc.a(floatunsisf.o)
 .bss           0x00000000        0x0 /usr/lib/gcc/riscv64-elf/14.1.0/rv32im/ilp32/libgcc.a(floatunsisf.o)
 .text          0x00000000        0x0 /usr/lib/gcc/riscv64-elf/14.1.0/rv32im/ilp32/libgcc.a(extendsfdf2.o)
 .data          0x00000000        0x0 /usr/lib/gcc/riscv64-elf/14.1.0/rv32im/ilp32/libgcc.a(extendsfdf2.o)
 .bss           0x00000000        0x0 /usr/lib/gcc/riscv64-elf/14.1.0/rv32im/ilp32/libgcc.a(extendsfdf2.o)
 .text          0x00000000        0x0 /usr/lib/gcc/riscv64-elf/14.1.0/rv32im/ilp32/libgcc.a(truncdfsf2.o)
 .data          0x00000000        0x0 /usr/lib/gcc/riscv64-elf/14.1.0/rv32im/ilp32/libgcc.a(truncdfsf2.o)
 .bss           0x00000000        0x0 /usr/lib/gcc/riscv64-elf/14.1.0/rv32im/ilp32/libgcc.a(truncdfsf2.o)
 .text.__truncdfsf2
                0x00000000      0x148 /usr/lib/gcc/riscv64-elf/14.1.0/rv32im/ilp32/libgcc.a(truncdfsf2.o)
 .debug_info    0x00000000      0x287 /usr/lib/gcc/riscv64-elf/14.1.0/rv32im/ilp32/libgcc.a(truncdfsf2.o)
 .debug_abbrev  0x00000000      0x13c /usr/lib/gcc/riscv64-elf/14.1.0/rv32im/ilp32/libgcc.a(truncdfsf2.o)
 .debug_loclists
                0x00000000      0x36e /usr/lib/gcc/riscv64-elf/14.1.0/rv32im/ilp32/libgcc.a(truncdfsf2.o)
 .debug_aranges
                0x00000000       0x20 /usr/lib/gcc/riscv64-elf/14.1.0/rv32im/ilp32/libgcc.a(truncdfsf2.o)
 .debug_rnglists
                0x00000000       0x4e /usr/lib/gcc/riscv64-elf/14.1.0/rv32im/ilp32/libgcc.a(truncdfsf2.o)
 .debug_line    0x00000000      0x4c3 /usr/lib/gcc/riscv64-elf/14.1.0/rv32im/ilp32/libgcc.a(truncdfsf2.o)
 .debug_str     0x00000000      0x22f /usr/lib/gcc/riscv64-elf/14.1.0/rv32im/ilp32/libgcc.a(truncdfsf2.o)
 .debug_line_str
                0x00000000      0x12d /usr/lib/gcc/riscv64-elf/14.1.0/rv32im/ilp32/libgcc.a(truncdfsf2.o)
 .comment       0x00000000       0x27 /usr/lib/gcc/riscv64-elf/14.1.0/rv32im/ilp32/libgcc.a(truncdfsf2.o)
 .note.GNU-stack
                0x00000000        0x0 /usr/lib/gcc/riscv64-elf/14.1.0/rv32im/ilp32/libgcc.a(truncdfsf2.o)
 .debug_frame   0x00000000       0x20 /usr/lib/gcc/riscv64-elf/14.1.0/rv32im/ilp32/libgcc.a(truncdfsf2.o)
 .riscv.attributes
                0x00000000       0x21 /usr/lib/gcc/riscv64-elf/14.1.0/rv32im/ilp32/libgcc.a(truncdfsf2.o)
 .text          0x00000000        0x0 /usr/lib/gcc/riscv64-elf/14.1.0/rv32im/ilp32/libgcc.a(_clz.o)
 .data          0x00000000        0x0 /usr/lib/gcc/riscv64-elf/14.1.0/rv32im/ilp32/libgcc.a(_clz.o)
 .bss           0x00000000        0x0 /usr/lib/gcc/riscv64-elf/14.1.0/rv32im/ilp32/libgcc.a(_clz.o)
 .text          0x00000000        0x0 /usr/lib/gcc/riscv64-elf/14.1.0/rv32im/ilp32/libgcc.a(_clzsi2.o)
 .data          0x00000000        0x0 /usr/lib/gcc/riscv64-elf/14.1.0/rv32im/ilp32/libgcc.a(_clzsi2.o)
 .bss           0x00000000        0x0 /usr/lib/gcc/riscv64-elf/14.1.0/rv32im/ilp32/libgcc.a(_clzsi2.o)

Memory Configuration

Name             Origin             Length             Attributes
RAM              0x00000000         0x00010000         xrw
SDRAM            0x10000000         0x04000000         xrw
*default*        0x00000000         0xffffffff

Linker script and memory map

LOAD main.o
LOAD terminal.o
LOAD dataslot.o
LOAD llama_embedded.o
LOAD memtest.o
LOAD libc/memory.o
LOAD libc/string.o
LOAD libc/ctype.o
LOAD libc/stdlib.o
LOAD libc/qsort.o
LOAD libc/time.o
LOAD libc/math.o
LOAD libc/file.o
LOAD start.o
LOAD /usr/lib/gcc/riscv64-elf/14.1.0/rv32im/ilp32/libgcc.a
                0x10000000                        __sdram_base = 0x10000000
                0x04000000                        __sdram_size = 0x4000000

.text           0x00000000     0x12b4
 *(.text.start)
 .text.start    0x00000000       0x30 start.o
                0x00000000                _start
 *(.text*)
 .text.startup.main
                0x00000030       0x38 main.o
                0x00000030                main
 .text.term_init
                0x00000068       0x28 terminal.o
                0x00000068                term_init
 .text.term_putchar
                0x00000090      0x1c8 terminal.o
                0x00000090                term_putchar
 .text.term_putdec
                0x00000258       0xf0 terminal.o
                0x00000258                term_putdec
 .text.term_printf
                0x00000348      0x3b0 terminal.o
                0x00000348                term_printf
 .text.dataslot_wait_ready
                0x000006f8       0x34 dataslot.o
                0x000006f8                dataslot_wait_ready
 .text.memtest_main
                0x0000072c      0x320 memtest.o
                0x0000072c                memtest_main
 .text.__mulsf3
                0x00000a4c      0x31c /usr/lib/gcc/riscv64-elf/14.1.0/rv32im/ilp32/libgcc.a(mulsf3.o)
                0x00000a4c                __mulsf3
 .text.__floatunsisf
                0x00000d68       0xe4 /usr/lib/gcc/riscv64-elf/14.1.0/rv32im/ilp32/libgcc.a(floatunsisf.o)
                0x00000d68                __floatunsisf
 .text.__extendsfdf2
                0x00000e4c       0xec /usr/lib/gcc/riscv64-elf/14.1.0/rv32im/ilp32/libgcc.a(extendsfdf2.o)
                0x00000e4c                __extendsfdf2
 .text.__clzsi2
                0x00000f38       0x4c /usr/lib/gcc/riscv64-elf/14.1.0/rv32im/ilp32/libgcc.a(_clzsi2.o)
                0x00000f38                __clzsi2
 *(.rodata*)
 .rodata.main.str1.4
                0x00000f84      0x1ac main.o
                                 0x42 (size before relaxing)
 .rodata.term_printf.str1.4
                0x00001130       0x2d terminal.o
 .rodata.term_printf
                0x00001130       0x84 terminal.o
 .rodata.memtest_main.str1.4
                0x000011b4      0x13c memtest.o
 .rodata.__clz_tab
                0x000011b4      0x100 /usr/lib/gcc/riscv64-elf/14.1.0/rv32im/ilp32/libgcc.a(_clz.o)
                0x000011b4                __clz_tab
                0x000012f0                        . = ALIGN (0x4)
                0x000012b4                        __text_end = .

.srodata.cst4   0x000012b4        0x4
 .srodata.cst4  0x000012b4        0x4 memtest.o

.rela.dyn       0x000012b8        0x0
 .rela.text.start
                0x000012b8        0x0 main.o

.data           0x000012b8        0x0
                0x000012b8                        __data_start = .
 *(.data*)
 *(.sdata*)
                0x000012b8                        . = ALIGN (0x4)
                0x000012b8                        __data_end = .

.bss            0x000012b8        0x8
                0x000012b8                        . = ALIGN (0x4)
                0x000012b8                        __bss_start = .
 *(.bss*)
 *(.sbss*)
 .sbss.cursor_pos
                0x000012b8        0x4 terminal.o
 .sbss.total_errors
                0x000012bc        0x4 memtest.o
 *(COMMON)
                0x000012c0                        . = ALIGN (0x4)
                0x000012c0                        __bss_end = .
                0x000012c0                        __ram_end = .
                0x00010000                        __stack_top = (ORIGIN (RAM) + LENGTH (RAM))

.heap           0x10000000  0x4000000
                0x10000000                        __heap_start = .
                0x14000000                        . = (ORIGIN (SDRAM) + LENGTH (SDRAM))
 *fill*         0x10000000  0x4000000 
                0x14000000                        __heap_end = .
                0x00010000                        PROVIDE (_stack_top = __stack_top)
                0x000012b8                        PROVIDE (_bss_start = __bss_start)
                0x000012c0                        PROVIDE (_bss_end = __bss_end)
                [!provide]                        PROVIDE (_heap_start = __sdram_base)
                [!provide]                        PROVIDE (_heap_end = (__sdram_base + __sdram_size))
OUTPUT(firmware.elf elf32-littleriscv)

.comment        0x00000000       0x26
 .comment       0x00000000       0x26 main.o
                                 0x27 (size before relaxing)
 .comment       0x00000026       0x27 terminal.o
 .comment       0x00000026       0x27 dataslot.o
 .comment       0x00000026       0x27 memtest.o
 .comment       0x00000026       0x27 /usr/lib/gcc/riscv64-elf/14.1.0/rv32im/ilp32/libgcc.a(mulsf3.o)
 .comment       0x00000026       0x27 /usr/lib/gcc/riscv64-elf/14.1.0/rv32im/ilp32/libgcc.a(floatunsisf.o)
 .comment       0x00000026       0x27 /usr/lib/gcc/riscv64-elf/14.1.0/rv32im/ilp32/libgcc.a(extendsfdf2.o)
 .comment       0x00000026       0x27 /usr/lib/gcc/riscv64-elf/14.1.0/rv32im/ilp32/libgcc.a(_clz.o)
 .comment       0x00000026       0x27 /usr/lib/gcc/riscv64-elf/14.1.0/rv32im/ilp32/libgcc.a(_clzsi2.o)

.note.GNU-stack
                0x00000000        0x0
 .note.GNU-stack
                0x00000000        0x0 main.o
 .note.GNU-stack
                0x00000000        0x0 terminal.o
 .note.GNU-stack
                0x00000000        0x0 dataslot.o
 .note.GNU-stack
                0x00000000        0x0 memtest.o
 .note.GNU-stack
                0x00000000        0x0 /usr/lib/gcc/riscv64-elf/14.1.0/rv32im/ilp32/libgcc.a(mulsf3.o)
 .note.GNU-stack
                0x00000000        0x0 /usr/lib/gcc/riscv64-elf/14.1.0/rv32im/ilp32/libgcc.a(floatunsisf.o)
 .note.GNU-stack
                0x00000000        0x0 /usr/lib/gcc/riscv64-elf/14.1.0/rv32im/ilp32/libgcc.a(extendsfdf2.o)
 .note.GNU-stack
                0x00000000        0x0 /usr/lib/gcc/riscv64-elf/14.1.0/rv32im/ilp32/libgcc.a(_clz.o)
 .note.GNU-stack
                0x00000000        0x0 /usr/lib/gcc/riscv64-elf/14.1.0/rv32im/ilp32/libgcc.a(_clzsi2.o)

.riscv.attributes
                0x00000000       0x2a
 .riscv.attributes
                0x00000000       0x2a main.o
 .riscv.attributes
                0x0000002a       0x2a terminal.o
 .riscv.attributes
                0x00000054       0x2a dataslot.o
 .riscv.attributes
                0x0000007e       0x2a memtest.o
 .riscv.attributes
                0x000000a8       0x28 start.o
 .riscv.attributes
                0x000000d0       0x21 /usr/lib/gcc/riscv64-elf/14.1.0/rv32im/ilp32/libgcc.a(mulsf3.o)
 .riscv.attributes
                0x000000f1       0x21 /usr/lib/gcc/riscv64-elf/14.1.0/rv32im/ilp32/libgcc.a(floatunsisf.o)
 .riscv.attributes
                0x00000112       0x21 /usr/lib/gcc/riscv64-elf/14.1.0/rv32im/ilp32/libgcc.a(extendsfdf2.o)
 .riscv.attributes
                0x00000133       0x21 /usr/lib/gcc/riscv64-elf/14.1.0/rv32im/ilp32/libgcc.a(_clz.o)
 .riscv.attributes
                0x00000154       0x21 /usr/lib/gcc/riscv64-elf/14.1.0/rv32im/ilp32/libgcc.a(_clzsi2.o)

.debug_info     0x00000000      0x9f2
 .debug_info    0x00000000      0x350 /usr/lib/gcc/riscv64-elf/14.1.0/rv32im/ilp32/libgcc.a(mulsf3.o)
 .debug_info    0x00000350      0x20a /usr/lib/gcc/riscv64-elf/14.1.0/rv32im/ilp32/libgcc.a(floatunsisf.o)
 .debug_info    0x0000055a      0x254 /usr/lib/gcc/riscv64-elf/14.1.0/rv32im/ilp32/libgcc.a(extendsfdf2.o)
 .debug_info    0x000007ae       0xed /usr/lib/gcc/riscv64-elf/14.1.0/rv32im/ilp32/libgcc.a(_clz.o)
 .debug_info    0x0000089b      0x157 /usr/lib/gcc/riscv64-elf/14.1.0/rv32im/ilp32/libgcc.a(_clzsi2.o)

.debug_abbrev   0x00000000      0x576
 .debug_abbrev  0x00000000      0x15b /usr/lib/gcc/riscv64-elf/14.1.0/rv32im/ilp32/libgcc.a(mulsf3.o)
 .debug_abbrev  0x0000015b      0x186 /usr/lib/gcc/riscv64-elf/14.1.0/rv32im/ilp32/libgcc.a(floatunsisf.o)
 .debug_abbrev  0x000002e1      0x15b /usr/lib/gcc/riscv64-elf/14.1.0/rv32im/ilp32/libgcc.a(extendsfdf2.o)
 .debug_abbrev  0x0000043c       0x70 /usr/lib/gcc/riscv64-elf/14.1.0/rv32im/ilp32/libgcc.a(_clz.o)
 .debug_abbrev  0x000004ac       0xca /usr/lib/gcc/riscv64-elf/14.1.0/rv32im/ilp32/libgcc.a(_clzsi2.o)

.debug_loclists
                0x00000000      0x914
 .debug_loclists
                0x00000000      0x4c5 /usr/lib/gcc/riscv64-elf/14.1.0/rv32im/ilp32/libgcc.a(mulsf3.o)
 .debug_loclists
                0x000004c5      0x206 /usr/lib/gcc/riscv64-elf/14.1.0/rv32im/ilp32/libgcc.a(floatunsisf.o)
 .debug_loclists
                0x000006cb      0x1db /usr/lib/gcc/riscv64-elf/14.1.0/rv32im/ilp32/libgcc.a(extendsfdf2.o)
 .debug_loclists
                0x000008a6       0x6e /usr/lib/gcc/riscv64-elf/14.1.0/rv32im/ilp32/libgcc.a(_clzsi2.o)

.debug_aranges  0x00000000       0x98
 .debug_aranges
                0x00000000       0x20 /usr/lib/gcc/riscv64-elf/14.1.0/rv32im/ilp32/libgcc.a(mulsf3.o)
 .debug_aranges
                0x00000020       0x20 /usr/lib/gcc/riscv64-elf/14.1.0/rv32im/ilp32/libgcc.a(floatunsisf.o)
 .debug_aranges
                0x00000040       0x20 /usr/lib/gcc/riscv64-elf/14.1.0/rv32im/ilp32/libgcc.a(extendsfdf2.o)
 .debug_aranges
                0x00000060       0x18 /usr/lib/gcc/riscv64-elf/14.1.0/rv32im/ilp32/libgcc.a(_clz.o)
 .debug_aranges
                0x00000078       0x20 /usr/lib/gcc/riscv64-elf/14.1.0/rv32im/ilp32/libgcc.a(_clzsi2.o)

.debug_rnglists
                0x00000000      0x1aa
 .debug_rnglists
                0x00000000       0xbf /usr/lib/gcc/riscv64-elf/14.1.0/rv32im/ilp32/libgcc.a(mulsf3.o)
 .debug_rnglists
                0x000000bf       0x74 /usr/lib/gcc/riscv64-elf/14.1.0/rv32im/ilp32/libgcc.a(floatunsisf.o)
 .debug_rnglists
                0x00000133       0x45 /usr/lib/gcc/riscv64-elf/14.1.0/rv32im/ilp32/libgcc.a(extendsfdf2.o)
 .debug_rnglists
                0x00000178       0x32 /usr/lib/gcc/riscv64-elf/14.1.0/rv32im/ilp32/libgcc.a(_clzsi2.o)

.debug_line     0x00000000     0x1019
 .debug_line    0x00000000      0x810 /usr/lib/gcc/riscv64-elf/14.1.0/rv32im/ilp32/libgcc.a(mulsf3.o)
 .debug_line    0x00000810      0x34c /usr/lib/gcc/riscv64-elf/14.1.0/rv32im/ilp32/libgcc.a(floatunsisf.o)
 .debug_line    0x00000b5c      0x3a3 /usr/lib/gcc/riscv64-elf/14.1.0/rv32im/ilp32/libgcc.a(extendsfdf2.o)
 .debug_line    0x00000eff       0x3f /usr/lib/gcc/riscv64-elf/14.1.0/rv32im/ilp32/libgcc.a(_clz.o)
 .debug_line    0x00000f3e       0xdb /usr/lib/gcc/riscv64-elf/14.1.0/rv32im/ilp32/libgcc.a(_clzsi2.o)

.debug_str      0x00000000      0x3c1
 .debug_str     0x00000000      0x3c1 /usr/lib/gcc/riscv64-elf/14.1.0/rv32im/ilp32/libgcc.a(mulsf3.o)
                                0x28b (size before relaxing)
 .debug_str     0x000003c1      0x229 /usr/lib/gcc/riscv64-elf/14.1.0/rv32im/ilp32/libgcc.a(floatunsisf.o)
 .debug_str     0x000003c1      0x1d9 /usr/lib/gcc/riscv64-elf/14.1.0/rv32im/ilp32/libgcc.a(extendsfdf2.o)
 .debug_str     0x000003c1      0x1b6 /usr/lib/gcc/riscv64-elf/14.1.0/rv32im/ilp32/libgcc.a(_clz.o)
 .debug_str     0x000003c1      0x1d3 /usr/lib/gcc/riscv64-elf/14.1.0/rv32im/ilp32/libgcc.a(_clzsi2.o)

.debug_line_str
                0x00000000      0x1c8
 .debug_line_str
                0x00000000      0x1c8 /usr/lib/gcc/riscv64-elf/14.1.0/rv32im/ilp32/libgcc.a(mulsf3.o)
                                0x122 (size before relaxing)
 .debug_line_str
                0x000001c8      0x131 /usr/lib/gcc/riscv64-elf/14.1.0/rv32im/ilp32/libgcc.a(floatunsisf.o)
 .debug_line_str
                0x000001c8      0x130 /usr/lib/gcc/riscv64-elf/14.1.0/rv32im/ilp32/libgcc.a(extendsfdf2.o)
 .debug_line_str
                0x000001c8      0x10c /usr/lib/gcc/riscv64-elf/14.1.0/rv32im/ilp32/libgcc.a(_clz.o)
 .debug_line_str
                0x000001c8      0x10c /usr/lib/gcc/riscv64-elf/14.1.0/rv32im/ilp32/libgcc.a(_clzsi2.o)

.debug_frame    0x00000000       0xe0
 .debug_frame   0x00000000       0x4c /usr/lib/gcc/riscv64-elf/14.1.0/rv32im/ilp32/libgcc.a(mulsf3.o)
 .debug_frame   0x0000004c       0x34 /usr/lib/gcc/riscv64-elf/14.1.0/rv32im/ilp32/libgcc.a(floatunsisf.o)
 .debug_frame   0x00000080       0x40 /usr/lib/gcc/riscv64-elf/14.1.0/rv32im/ilp32/libgcc.a(extendsfdf2.o)
 .debug_frame   0x000000c0       0x20 /usr/lib/gcc/riscv64-elf/14.1.0/rv32im/ilp32/libgcc.a(_clzsi2.o)
